
[1m[46m RUN [49m[22m [36mv3.2.4 [39m[90mC:/Users/User Yooga/Documents/PROJETOS/remix-of-calculadora-dimensionamento[39m

 [31mÔØ»[39m src/test/calculator.test.ts [2m([22m[2m31 tests[22m[2m | [22m[31m1 failed[39m[2m)[22m[32m 115[2mms[22m[39m
   [32mÔ£ô[39m getRampFactor[2m > [22mreturns 1 when rampUpMonths <= 1[32m 4[2mms[22m[39m
   [32mÔ£ô[39m getRampFactor[2m > [22mreturns progressive factors for rampUpMonths=3[32m 1[2mms[22m[39m
   [32mÔ£ô[39m getRampFactor[2m > [22mreturns 0 for negative monthsSinceHire[32m 1[2mms[22m[39m
   [32mÔ£ô[39m getRampFactor[2m > [22mworks with rampUpMonths=2[32m 1[2mms[22m[39m
   [32mÔ£ô[39m getRampFactor[2m > [22mworks with rampUpMonths=4[32m 1[2mms[22m[39m
   [32mÔ£ô[39m getRampMaturationOffset[2m > [22mreturns 0 for ramp <= 1[32m 1[2mms[22m[39m
   [32mÔ£ô[39m getRampMaturationOffset[2m > [22mreturns rampUpMonths - 1[32m 1[2mms[22m[39m
   [32mÔ£ô[39m lead time impact on projection[2m > [22mleadTimeMonths=0 gives different results than leadTimeMonths=3[32m 7[2mms[22m[39m
   [32mÔ£ô[39m lead time impact on projection[2m > [22mhires opened in month 0 with leadTime=2 don't add effective capacity until month 2[32m 2[2mms[22m[39m
   [32mÔ£ô[39m lead time impact on projection[2m > [22mleadTime = 0, 1 e 2 geram resultados numericos reais[32m 18[2mms[22m[39m
   [32mÔ£ô[39m verificacao unit├íria de capacidade nas coortes[2m > [22mdeve refletir capacidade 0 (ainda n├úo come├ºou), parcial (em ramp) e total (maturado)[32m 4[2mms[22m[39m
   [32mÔ£ô[39m hiringMode gap vs antecipado[2m > [22mproduces different openMonthIndex values[32m 3[2mms[22m[39m
   [32mÔ£ô[39m hiringMode gap vs antecipado[2m > [22mantecipado mode includes ramp-up offset in open timing[32m 2[2mms[22m[39m
   [32mÔ£ô[39m hiringMode gap vs antecipado[2m > [22mhiringMode 'gap' e 'antecipado' impactam a disponibilidade efetiva de forma diferente[32m 9[2mms[22m[39m
   [32mÔ£ô[39m turnover timing[2m > [22mstart_of_month applies turnover before gap calculation[32m 3[2mms[22m[39m
   [32mÔ£ô[39m turnover timing[2m > [22mend_of_month applies turnover after gap calculation[32m 1[2mms[22m[39m
   [32mÔ£ô[39m turnover timing[2m > [22mproduces different gap totals for different timings[32m 2[2mms[22m[39m
[31m   [31m├ù[31m turnover crossing year boundary[2m > [22mdistributes turnover correctly across Nov-Feb[39m[32m 26[2mms[22m[39m
[31m     ÔåÆ expected [ 0.3333333333333333, ÔÇª(3) ] to deeply equal [ 1, 1, 1, 1 ][39m
   [32mÔ£ô[39m contact rate resolution[2m > [22muses manual contact rate when > 0[32m 1[2mms[22m[39m
   [32mÔ£ô[39m contact rate resolution[2m > [22minfers contact rate from volume/clients when contactRate=0[32m 1[2mms[22m[39m
   [32mÔ£ô[39m no growth scenario[2m > [22mkeeps clients constant with same start and target[32m 1[2mms[22m[39m
   [32mÔ£ô[39m manual growth mode[2m > [22mapplies per-month growth percentages[32m 1[2mms[22m[39m
   [32mÔ£ô[39m no hiring needed[2m > [22mreports zero hires when capacity exceeds demand[32m 2[2mms[22m[39m
   [32mÔ£ô[39m multiple hires over period[2m > [22maccumulates hires across months as demand grows[32m 2[2mms[22m[39m
   [32mÔ£ô[39m cohort ramp-up parametrized[2m > [22mrampUpMonths=2: first month at 50%[32m 1[2mms[22m[39m
   [32mÔ£ô[39m cohort ramp-up parametrized[2m > [22mrampUpMonths=3: first month at 33%[32m 1[2mms[22m[39m
   [32mÔ£ô[39m cohort ramp-up parametrized[2m > [22mrampUpMonths=4: first month at 25%[32m 1[2mms[22m[39m
   [32mÔ£ô[39m percentual turnover[2m > [22mcalculates turnover as percentage of HC[32m 1[2mms[22m[39m
   [32mÔ£ô[39m backward compatibility with scenario presets[2m > [22mruns base scenario without errors[32m 3[2mms[22m[39m
   [32mÔ£ô[39m backward compatibility with scenario presets[2m > [22mruns otimista scenario without errors[32m 2[2mms[22m[39m
   [32mÔ£ô[39m backward compatibility with scenario presets[2m > [22mruns pessimista scenario without errors[32m 2[2mms[22m[39m

[2m Test Files [22m [1m[31m1 failed[39m[22m[90m (1)[39m
[2m      Tests [22m [1m[31m1 failed[39m[22m[2m | [22m[1m[32m30 passed[39m[22m[90m (31)[39m
[2m   Start at [22m 17:40:03
[2m   Duration [22m 4.56s[2m (transform 242ms, setup 320ms, collect 270ms, tests 115ms, environment 1.51s, prepare 226ms)[22m

